// Jest Snapshot v1, https://goo.gl/fbAQLP

exports[`Pruebas en <GifGridItem /> Debe hacer match con el snapshot 1`] = `
<div>
  <div
    class="card"
  >
    <img
      alt="New Title"
      src="https://gifimage.jpg"
    />
    <p>
      New Title
    </p>
  </div>
</div>
`;
